// Jest Snapshot v1, https://goo.gl/fbAQLP

exports[`actions buttons could be disabled 1`] = `
<div
  className="clearfix"
>
  <div
    className="form-actions"
  >
    <Button
      active={false}
      block={false}
      bsClass="btn"
      bsStyle="primary"
      disabled={true}
      type="submit"
    >
       
      Submit
    </Button>
     
    <Button
      active={false}
      block={false}
      bsClass="btn"
      bsStyle="default"
      disabled={true}
    >
      Cancel
    </Button>
  </div>
</div>
`;

exports[`actions should include a cancel / submit buttons 1`] = `
<div
  className="clearfix"
>
  <div
    className="form-actions"
  >
    <Button
      active={false}
      block={false}
      bsClass="btn"
      bsStyle="primary"
      disabled={false}
      type="submit"
    >
       
      Submit
    </Button>
     
    <Button
      active={false}
      block={false}
      bsClass="btn"
      bsStyle="default"
      disabled={false}
    >
      Cancel
    </Button>
  </div>
</div>
`;

exports[`actions should show a spinner when submitting 1`] = `
<div
  className="clearfix"
>
  <div
    className="form-actions"
  >
    <Button
      active={false}
      block={false}
      bsClass="btn"
      bsStyle="primary"
      disabled={true}
      type="submit"
    >
       
      Submit
      <span
        className="fr"
      >
        <div
          className="loader-root"
        >
          <div
            className="spinner spinner-sm"
          />
        </div>
      </span>
    </Button>
     
    <Button
      active={false}
      block={false}
      bsClass="btn"
      bsStyle="default"
      disabled={false}
    >
      Cancel
    </Button>
  </div>
</div>
`;
